<?xml version="1.0" encoding="UTF-8"?>
<testsuites tests="1" failures="0" disabled="0" errors="0" time="0.009" timestamp="2026-06-01T13:29:21.164" name="AllTests">
  <testsuite name="PostCRC" tests="1" failures="0" disabled="0" skipped="0" errors="0" time="0.002" timestamp="2026-06-01T13:29:21.174">
    <testcase name="BasicTest" file="E:\Krishna\Qt_CICD_Demo\FTU\BootloaderCode\Tests\test_crc.cpp" line="3" status="run" result="completed" time="0." timestamp="2026-06-01T13:29:21.175" classname="PostCRC" />
  </testsuite>
</testsuites>
